{
  "AWSTemplateFormatVersion": "2010-09-09",
  "Resources": {
    "S3Bucket": {
      "Type": "AWS::S3::Bucket",
      "Properties": {
        "Tags": [
          {
            "Key": "new_tag",
            "Value": "new_value"
          },
          {
            "Key": "another_tag",
            "Value": "another_val"
          }
        ],
        "AccessControl": "PublicRead",
        "WebsiteConfiguration": {
          "IndexDocument": "index.html",
          "ErrorDocument": "error.html"
        }
      },
      "DeletionPolicy": "Retain"
    }
  }
}
